{"level":"info","message":"✅ Base de datos conectada","service":"whatsapp-api-v2","timestamp":"2026-06-15 20:43:39","version":"v2"}
{"level":"info","message":"✅ Modo sin cache activado","service":"whatsapp-api-v2","timestamp":"2026-06-15 20:43:39","version":"v2"}
{"category":"whatsapp","level":"info","message":"Inicializando servicio WhatsApp...","service":"whatsapp-api-v2","timestamp":"2026-06-15 20:43:39","version":"v2"}
{"category":"whatsapp","level":"info","message":"Usando Baileys v2.3000.1035194821, es la última: true","service":"whatsapp-api-v2","timestamp":"2026-06-15 20:43:39","version":"v2"}
{"category":"whatsapp","level":"info","message":"Inicializando autenticación...","service":"whatsapp-api-v2","timestamp":"2026-06-15 20:43:39","version":"v2"}
{"category":"whatsapp","level":"info","message":"Autenticación cargada exitosamente","service":"whatsapp-api-v2","timestamp":"2026-06-15 20:43:39","version":"v2"}
{"level":"info","message":"✅ Servicio WhatsApp inicializado","service":"whatsapp-api-v2","timestamp":"2026-06-15 20:43:39","version":"v2"}
{"category":"whatsapp","connection":"connecting","level":"info","message":"Actualización de conexión:","service":"whatsapp-api-v2","timestamp":"2026-06-15 20:43:39","version":"v2"}
{"level":"info","message":"🚀 WhatsApp API v2 ejecutándose en puerto 3001","service":"whatsapp-api-v2","timestamp":"2026-06-15 20:43:39","version":"v2"}
{"level":"info","message":"📱 Entorno: development","service":"whatsapp-api-v2","timestamp":"2026-06-15 20:43:39","version":"v2"}
{"level":"info","message":"🔗 Health check: http://localhost:3001/health","service":"whatsapp-api-v2","timestamp":"2026-06-15 20:43:39","version":"v2"}
{"category":"whatsapp","level":"info","message":"Actualización de conexión:","service":"whatsapp-api-v2","timestamp":"2026-06-15 20:43:41","version":"v2"}
{"category":"whatsapp","connection":"open","level":"info","message":"Actualización de conexión:","service":"whatsapp-api-v2","timestamp":"2026-06-15 20:43:41","version":"v2"}
{"category":"whatsapp","level":"info","message":"✅ Conectado a WhatsApp exitosamente","service":"whatsapp-api-v2","timestamp":"2026-06-15 20:43:41","version":"v2"}
{"category":"whatsapp","connection":"close","lastDisconnect":428,"level":"info","message":"Actualización de conexión:","service":"whatsapp-api-v2","timestamp":"2026-06-15 20:45:39","version":"v2"}
{"category":"whatsapp","level":"info","message":"Desconectado de WhatsApp:","reason":428,"reconnectAttempts":0,"service":"whatsapp-api-v2","shouldReconnect":true,"timestamp":"2026-06-15 20:45:40","version":"v2"}
{"category":"whatsapp","level":"info","message":"Reintentando conexión en 2000ms (intento 1/5)","service":"whatsapp-api-v2","timestamp":"2026-06-15 20:45:40","version":"v2"}
{"category":"whatsapp","level":"info","message":"Inicializando autenticación...","service":"whatsapp-api-v2","timestamp":"2026-06-15 20:45:42","version":"v2"}
{"category":"whatsapp","level":"info","message":"Autenticación cargada exitosamente","service":"whatsapp-api-v2","timestamp":"2026-06-15 20:45:42","version":"v2"}
{"category":"whatsapp","connection":"connecting","level":"info","message":"Actualización de conexión:","service":"whatsapp-api-v2","timestamp":"2026-06-15 20:45:42","version":"v2"}
{"category":"whatsapp","level":"info","message":"Actualización de conexión:","service":"whatsapp-api-v2","timestamp":"2026-06-15 20:45:46","version":"v2"}
{"category":"whatsapp","connection":"open","level":"info","message":"Actualización de conexión:","service":"whatsapp-api-v2","timestamp":"2026-06-15 20:45:46","version":"v2"}
{"category":"whatsapp","level":"info","message":"✅ Conectado a WhatsApp exitosamente","service":"whatsapp-api-v2","timestamp":"2026-06-15 20:45:46","version":"v2"}
{"category":"message","from":"status@broadcast","level":"info","message":"Message received","messageType":"senderKeyDistributionMessage","service":"whatsapp-api-v2","timestamp":"2026-06-15 20:46:07","version":"v2"}
{"category":"message","level":"info","message":"Message updated","messageId":"3EB0CBBE985D9F96DE4578","service":"whatsapp-api-v2","status":3,"timestamp":"2026-06-15 20:46:07","version":"v2"}
{"category":"whatsapp","level":"info","message":"Actualización de conexión:","service":"whatsapp-api-v2","timestamp":"2026-06-15 20:46:07","version":"v2"}
{"category":"message","from":"status@broadcast","level":"info","message":"Message received","messageType":"senderKeyDistributionMessage","service":"whatsapp-api-v2","timestamp":"2026-06-15 20:46:07","version":"v2"}
{"category":"message","from":"status@broadcast","level":"info","message":"Message received","messageType":"senderKeyDistributionMessage","service":"whatsapp-api-v2","timestamp":"2026-06-15 20:46:07","version":"v2"}
{"category":"message","from":"status@broadcast","level":"info","message":"Message received","messageType":"senderKeyDistributionMessage","service":"whatsapp-api-v2","timestamp":"2026-06-15 20:46:07","version":"v2"}
{"category":"message","from":"status@broadcast","level":"info","message":"Message received","messageType":"senderKeyDistributionMessage","service":"whatsapp-api-v2","timestamp":"2026-06-15 20:46:07","version":"v2"}
{"category":"message","from":"status@broadcast","level":"info","message":"Message received","messageType":"senderKeyDistributionMessage","service":"whatsapp-api-v2","timestamp":"2026-06-15 20:46:07","version":"v2"}
{"category":"message","from":"status@broadcast","level":"info","message":"Message received","messageType":"senderKeyDistributionMessage","service":"whatsapp-api-v2","timestamp":"2026-06-15 20:46:07","version":"v2"}
{"category":"message","from":"status@broadcast","level":"info","message":"Message received","messageType":"senderKeyDistributionMessage","service":"whatsapp-api-v2","timestamp":"2026-06-15 20:46:07","version":"v2"}
{"category":"message","from":"status@broadcast","level":"info","message":"Message received","messageType":"senderKeyDistributionMessage","service":"whatsapp-api-v2","timestamp":"2026-06-15 20:46:07","version":"v2"}
{"category":"message","from":"status@broadcast","level":"info","message":"Message received","messageType":"senderKeyDistributionMessage","service":"whatsapp-api-v2","timestamp":"2026-06-15 20:46:07","version":"v2"}
{"category":"message","from":"status@broadcast","level":"info","message":"Message received","messageType":"videoMessage","service":"whatsapp-api-v2","timestamp":"2026-06-15 20:46:07","version":"v2"}
{"category":"message","from":"status@broadcast","level":"info","message":"Message received","messageType":"imageMessage","service":"whatsapp-api-v2","timestamp":"2026-06-15 20:46:07","version":"v2"}
{"category":"message","from":"status@broadcast","level":"info","message":"Message received","messageType":"imageMessage","service":"whatsapp-api-v2","timestamp":"2026-06-15 20:46:07","version":"v2"}
{"category":"message","from":"status@broadcast","level":"info","message":"Message received","messageType":"imageMessage","service":"whatsapp-api-v2","timestamp":"2026-06-15 20:46:07","version":"v2"}
{"category":"message","from":"120363403206592635@newsletter","level":"info","message":"Message received","messageType":"conversation","service":"whatsapp-api-v2","timestamp":"2026-06-15 20:46:07","version":"v2"}
{"category":"message","level":"info","message":"Message updated","messageId":"3EB086775BDC21821B8E4E","service":"whatsapp-api-v2","status":3,"timestamp":"2026-06-15 20:46:07","version":"v2"}
{"category":"message","from":"status@broadcast","level":"info","message":"Message received","messageType":"imageMessage","service":"whatsapp-api-v2","timestamp":"2026-06-15 20:46:07","version":"v2"}
{"category":"message","from":"status@broadcast","level":"info","message":"Message received","service":"whatsapp-api-v2","timestamp":"2026-06-15 20:46:07","version":"v2"}
{"category":"message","from":"status@broadcast","level":"info","message":"Message received","messageType":"imageMessage","service":"whatsapp-api-v2","timestamp":"2026-06-15 20:46:07","version":"v2"}
{"category":"message","from":"status@broadcast","level":"info","message":"Message received","messageType":"videoMessage","service":"whatsapp-api-v2","timestamp":"2026-06-15 20:46:07","version":"v2"}
{"category":"message","from":"status@broadcast","level":"info","message":"Message received","messageType":"videoMessage","service":"whatsapp-api-v2","timestamp":"2026-06-15 20:46:07","version":"v2"}
{"category":"message","from":"status@broadcast","level":"info","message":"Message received","messageType":"extendedTextMessage","service":"whatsapp-api-v2","timestamp":"2026-06-15 20:46:07","version":"v2"}
{"category":"message","from":"status@broadcast","level":"info","message":"Message received","messageType":"senderKeyDistributionMessage","service":"whatsapp-api-v2","timestamp":"2026-06-15 20:46:07","version":"v2"}
{"category":"message","from":"status@broadcast","level":"info","message":"Message received","messageType":"senderKeyDistributionMessage","service":"whatsapp-api-v2","timestamp":"2026-06-15 20:46:07","version":"v2"}
{"category":"message","from":"status@broadcast","level":"info","message":"Message received","messageType":"senderKeyDistributionMessage","service":"whatsapp-api-v2","timestamp":"2026-06-15 20:46:07","version":"v2"}
{"category":"message","from":"status@broadcast","level":"info","message":"Message received","messageType":"extendedTextMessage","service":"whatsapp-api-v2","timestamp":"2026-06-15 20:46:07","version":"v2"}
{"category":"message","from":"status@broadcast","level":"info","message":"Message received","messageType":"extendedTextMessage","service":"whatsapp-api-v2","timestamp":"2026-06-15 20:46:07","version":"v2"}
{"category":"message","from":"status@broadcast","level":"info","message":"Message received","messageType":"protocolMessage","service":"whatsapp-api-v2","timestamp":"2026-06-15 20:46:07","version":"v2"}
{"category":"message","from":"status@broadcast","level":"info","message":"Message received","messageType":"extendedTextMessage","service":"whatsapp-api-v2","timestamp":"2026-06-15 20:46:07","version":"v2"}
{"category":"message","from":"status@broadcast","level":"info","message":"Message received","messageType":"imageMessage","service":"whatsapp-api-v2","timestamp":"2026-06-15 20:46:07","version":"v2"}
{"category":"message","from":"status@broadcast","level":"info","message":"Message received","messageType":"extendedTextMessage","service":"whatsapp-api-v2","timestamp":"2026-06-15 20:46:07","version":"v2"}
{"category":"message","from":"status@broadcast","level":"info","message":"Message received","messageType":"videoMessage","service":"whatsapp-api-v2","timestamp":"2026-06-15 20:46:07","version":"v2"}
{"category":"message","from":"status@broadcast","level":"info","message":"Message received","messageType":"senderKeyDistributionMessage","service":"whatsapp-api-v2","timestamp":"2026-06-15 20:46:07","version":"v2"}
{"category":"message","from":"status@broadcast","level":"info","message":"Message received","messageType":"senderKeyDistributionMessage","service":"whatsapp-api-v2","timestamp":"2026-06-15 20:46:07","version":"v2"}
{"category":"message","from":"status@broadcast","level":"info","message":"Message received","messageType":"senderKeyDistributionMessage","service":"whatsapp-api-v2","timestamp":"2026-06-15 20:46:07","version":"v2"}
{"category":"message","from":"120363405128558463@newsletter","level":"info","message":"Message received","messageType":"imageMessage","service":"whatsapp-api-v2","timestamp":"2026-06-15 20:46:07","version":"v2"}
{"category":"message","level":"info","message":"Message updated","messageId":"3EB0712D0E8C73080AF450","service":"whatsapp-api-v2","status":3,"timestamp":"2026-06-15 20:46:07","version":"v2"}
{"category":"message","from":"status@broadcast","level":"info","message":"Message received","messageType":"senderKeyDistributionMessage","service":"whatsapp-api-v2","timestamp":"2026-06-15 20:46:07","version":"v2"}
{"category":"message","from":"status@broadcast","level":"info","message":"Message received","messageType":"imageMessage","service":"whatsapp-api-v2","timestamp":"2026-06-15 20:46:07","version":"v2"}
{"category":"message","from":"status@broadcast","level":"info","message":"Message received","messageType":"imageMessage","service":"whatsapp-api-v2","timestamp":"2026-06-15 20:46:07","version":"v2"}
{"category":"message","from":"status@broadcast","level":"info","message":"Message received","messageType":"senderKeyDistributionMessage","service":"whatsapp-api-v2","timestamp":"2026-06-15 20:46:07","version":"v2"}
{"category":"message","level":"info","message":"Message updated","messageId":"3EB0A89183B2C701C7EF7E","service":"whatsapp-api-v2","status":3,"timestamp":"2026-06-15 20:46:07","version":"v2"}
{"category":"message","level":"info","message":"Message updated","messageId":"3EB0EAE7757A4636D724DA","service":"whatsapp-api-v2","status":3,"timestamp":"2026-06-15 20:46:07","version":"v2"}
{"category":"message","level":"info","message":"Message updated","messageId":"3EB0C64073D46D8CFFC68B","service":"whatsapp-api-v2","status":3,"timestamp":"2026-06-15 20:46:07","version":"v2"}
{"ip":"::1","level":"info","message":"GET /api/whatsapp/status","service":"whatsapp-api-v2","timestamp":"2026-06-15 20:46:16","userAgent":"GuzzleHttp/7","version":"v2"}
{"ip":"::1","level":"info","message":"GET /api/whatsapp/status","service":"whatsapp-api-v2","timestamp":"2026-06-15 20:46:19","userAgent":"GuzzleHttp/7","version":"v2"}
{"ip":"::1","level":"info","message":"GET /api/whatsapp/status","service":"whatsapp-api-v2","timestamp":"2026-06-15 20:46:26","userAgent":"GuzzleHttp/7","version":"v2"}
{"ip":"::1","level":"info","message":"GET /api/whatsapp/status","service":"whatsapp-api-v2","timestamp":"2026-06-15 20:46:29","userAgent":"GuzzleHttp/7","version":"v2"}
{"ip":"::1","level":"info","message":"GET /api/whatsapp/status","service":"whatsapp-api-v2","timestamp":"2026-06-15 20:46:41","userAgent":"GuzzleHttp/7","version":"v2"}
{"ip":"::1","level":"info","message":"GET /api/whatsapp/status","service":"whatsapp-api-v2","timestamp":"2026-06-15 20:46:44","userAgent":"GuzzleHttp/7","version":"v2"}
{"category":"message","from":"status@broadcast","level":"info","message":"Message received","messageType":"protocolMessage","service":"whatsapp-api-v2","timestamp":"2026-06-15 20:47:44","version":"v2"}
{"category":"message","level":"info","message":"Message updated","messageId":"3AB6566BBDE42C90C004","service":"whatsapp-api-v2","timestamp":"2026-06-15 20:47:44","version":"v2"}
{"category":"message","from":"status@broadcast","level":"info","message":"Message received","messageType":"protocolMessage","service":"whatsapp-api-v2","timestamp":"2026-06-15 20:47:45","version":"v2"}
{"category":"message","level":"info","message":"Message updated","messageId":"3ABFB154D5EE8086B47F","service":"whatsapp-api-v2","timestamp":"2026-06-15 20:47:45","version":"v2"}
{"category":"message","from":"status@broadcast","level":"info","message":"Message received","messageType":"protocolMessage","service":"whatsapp-api-v2","timestamp":"2026-06-15 20:47:46","version":"v2"}
{"category":"message","level":"info","message":"Message updated","messageId":"3AA1103C3FB2E26F7437","service":"whatsapp-api-v2","timestamp":"2026-06-15 20:47:46","version":"v2"}
{"ip":"::1","level":"info","message":"GET /api/whatsapp/status","service":"whatsapp-api-v2","timestamp":"2026-06-15 20:49:02","userAgent":"GuzzleHttp/7","version":"v2"}
{"ip":"::1","level":"info","message":"GET /api/whatsapp/messages","service":"whatsapp-api-v2","timestamp":"2026-06-15 20:49:02","userAgent":"GuzzleHttp/7","version":"v2"}
{"ip":"::1","level":"info","message":"POST /api/whatsapp/send","service":"whatsapp-api-v2","timestamp":"2026-06-15 20:52:15","userAgent":"GuzzleHttp/7","version":"v2"}
{"companyId":1,"level":"info","message":"Anti-block: Message validated and delayed for 584242115948@s.whatsapp.net","messageLength":566,"service":"whatsapp-api-v2","timestamp":"2026-06-15 20:52:15","to":"584242115948@s.whatsapp.net","version":"v2"}
{"category":"message","level":"info","message":"Message sent","messageId":"3EB0AB3E1998F8F24B073A","service":"whatsapp-api-v2","timestamp":"2026-06-15 20:52:16","to":"584242115948@s.whatsapp.net","version":"v2"}
{"category":"message","level":"info","message":"Message updated","messageId":"3EB0AB3E1998F8F24B073A","service":"whatsapp-api-v2","status":3,"timestamp":"2026-06-15 20:52:18","version":"v2"}
{"ip":"::1","level":"info","message":"GET /api/whatsapp/status","service":"whatsapp-api-v2","timestamp":"2026-06-15 20:54:57","userAgent":"GuzzleHttp/7","version":"v2"}
{"ip":"::1","level":"info","message":"GET /api/whatsapp/status","service":"whatsapp-api-v2","timestamp":"2026-06-15 20:54:59","userAgent":"GuzzleHttp/7","version":"v2"}
{"ip":"::1","level":"info","message":"GET /api/whatsapp/status","service":"whatsapp-api-v2","timestamp":"2026-06-15 20:58:21","userAgent":"GuzzleHttp/7","version":"v2"}
{"ip":"::1","level":"info","message":"GET /api/whatsapp/status","service":"whatsapp-api-v2","timestamp":"2026-06-15 20:58:24","userAgent":"GuzzleHttp/7","version":"v2"}
{"ip":"::1","level":"info","message":"GET /api/whatsapp/status","service":"whatsapp-api-v2","timestamp":"2026-06-15 20:58:40","userAgent":"GuzzleHttp/7","version":"v2"}
{"ip":"::1","level":"info","message":"GET /api/whatsapp/status","service":"whatsapp-api-v2","timestamp":"2026-06-15 20:58:42","userAgent":"GuzzleHttp/7","version":"v2"}
{"ip":"::1","level":"info","message":"POST /api/whatsapp/send","service":"whatsapp-api-v2","timestamp":"2026-06-15 20:58:53","userAgent":"GuzzleHttp/7","version":"v2"}
{"companyId":1,"level":"info","message":"Anti-block: Message validated and delayed for 584242115948@s.whatsapp.net","messageLength":195,"service":"whatsapp-api-v2","timestamp":"2026-06-15 20:58:53","to":"584242115948@s.whatsapp.net","version":"v2"}
{"category":"message","level":"info","message":"Message sent","messageId":"3EB04CA3CF20E3C95F699A","service":"whatsapp-api-v2","timestamp":"2026-06-15 20:58:54","to":"584242115948@s.whatsapp.net","version":"v2"}
{"category":"message","level":"info","message":"Message updated","messageId":"3EB04CA3CF20E3C95F699A","service":"whatsapp-api-v2","status":3,"timestamp":"2026-06-15 20:58:56","version":"v2"}
{"ip":"::1","level":"info","message":"GET /api/whatsapp/status","service":"whatsapp-api-v2","timestamp":"2026-06-15 21:00:16","userAgent":"GuzzleHttp/7","version":"v2"}
{"ip":"::1","level":"info","message":"GET /api/whatsapp/status","service":"whatsapp-api-v2","timestamp":"2026-06-15 21:00:19","userAgent":"GuzzleHttp/7","version":"v2"}
{"ip":"::1","level":"info","message":"POST /api/whatsapp/send","service":"whatsapp-api-v2","timestamp":"2026-06-15 21:00:30","userAgent":"GuzzleHttp/7","version":"v2"}
{"companyId":1,"level":"info","message":"Anti-block: Message validated and delayed for 584242115948@s.whatsapp.net","messageLength":194,"service":"whatsapp-api-v2","timestamp":"2026-06-15 21:00:30","to":"584242115948@s.whatsapp.net","version":"v2"}
{"category":"message","level":"info","message":"Message sent","messageId":"3EB0F135873D4FB2B2F5F4","service":"whatsapp-api-v2","timestamp":"2026-06-15 21:00:30","to":"584242115948@s.whatsapp.net","version":"v2"}
{"category":"message","level":"info","message":"Message updated","messageId":"3EB0F135873D4FB2B2F5F4","service":"whatsapp-api-v2","status":3,"timestamp":"2026-06-15 21:00:32","version":"v2"}
{"ip":"::1","level":"info","message":"GET /api/whatsapp/status","service":"whatsapp-api-v2","timestamp":"2026-06-15 21:01:49","userAgent":"GuzzleHttp/7","version":"v2"}
{"ip":"::1","level":"info","message":"GET /api/whatsapp/status","service":"whatsapp-api-v2","timestamp":"2026-06-15 21:01:51","userAgent":"GuzzleHttp/7","version":"v2"}
{"ip":"::1","level":"info","message":"GET /api/whatsapp/status","service":"whatsapp-api-v2","timestamp":"2026-06-15 21:10:41","userAgent":"GuzzleHttp/7","version":"v2"}
{"category":"whatsapp","connection":"close","lastDisconnect":500,"level":"info","message":"Actualización de conexión:","service":"whatsapp-api-v2","timestamp":"2026-06-15 21:35:44","version":"v2"}
{"category":"whatsapp","level":"info","message":"Desconectado de WhatsApp:","reason":500,"reconnectAttempts":0,"service":"whatsapp-api-v2","shouldReconnect":true,"timestamp":"2026-06-15 21:35:44","version":"v2"}
{"category":"whatsapp","level":"info","message":"Reintentando conexión en 2000ms (intento 1/5)","service":"whatsapp-api-v2","timestamp":"2026-06-15 21:35:44","version":"v2"}
{"category":"whatsapp","level":"info","message":"Inicializando autenticación...","service":"whatsapp-api-v2","timestamp":"2026-06-15 21:35:46","version":"v2"}
{"category":"whatsapp","level":"info","message":"Autenticación cargada exitosamente","service":"whatsapp-api-v2","timestamp":"2026-06-15 21:35:46","version":"v2"}
{"category":"whatsapp","connection":"connecting","level":"info","message":"Actualización de conexión:","service":"whatsapp-api-v2","timestamp":"2026-06-15 21:35:46","version":"v2"}
{"category":"whatsapp","level":"info","message":"Actualización de conexión:","service":"whatsapp-api-v2","timestamp":"2026-06-15 21:35:48","version":"v2"}
{"category":"whatsapp","level":"info","message":"Actualización de conexión:","service":"whatsapp-api-v2","timestamp":"2026-06-15 21:35:48","version":"v2"}
{"category":"whatsapp","connection":"open","level":"info","message":"Actualización de conexión:","service":"whatsapp-api-v2","timestamp":"2026-06-15 21:35:48","version":"v2"}
{"category":"whatsapp","level":"info","message":"✅ Conectado a WhatsApp exitosamente","service":"whatsapp-api-v2","timestamp":"2026-06-15 21:35:48","version":"v2"}
{"category":"message","from":"120363403206592635@newsletter","level":"info","message":"Message received","messageType":"conversation","service":"whatsapp-api-v2","timestamp":"2026-06-15 21:46:27","version":"v2"}
{"category":"message","from":"120363405128558463@newsletter","level":"info","message":"Message received","messageType":"imageMessage","service":"whatsapp-api-v2","timestamp":"2026-06-15 21:46:27","version":"v2"}
{"category":"whatsapp","connection":"close","lastDisconnect":428,"level":"info","message":"Actualización de conexión:","service":"whatsapp-api-v2","timestamp":"2026-06-15 22:14:47","version":"v2"}
{"category":"whatsapp","level":"info","message":"Desconectado de WhatsApp:","reason":428,"reconnectAttempts":0,"service":"whatsapp-api-v2","shouldReconnect":true,"timestamp":"2026-06-15 22:14:47","version":"v2"}
{"category":"whatsapp","level":"info","message":"Reintentando conexión en 2000ms (intento 1/5)","service":"whatsapp-api-v2","timestamp":"2026-06-15 22:14:47","version":"v2"}
{"category":"whatsapp","level":"info","message":"Inicializando autenticación...","service":"whatsapp-api-v2","timestamp":"2026-06-15 22:14:49","version":"v2"}
{"category":"whatsapp","level":"info","message":"Autenticación cargada exitosamente","service":"whatsapp-api-v2","timestamp":"2026-06-15 22:14:49","version":"v2"}
{"category":"whatsapp","connection":"connecting","level":"info","message":"Actualización de conexión:","service":"whatsapp-api-v2","timestamp":"2026-06-15 22:14:49","version":"v2"}
{"category":"whatsapp","connection":"close","lastDisconnect":408,"level":"info","message":"Actualización de conexión:","service":"whatsapp-api-v2","timestamp":"2026-06-15 22:14:49","version":"v2"}
{"category":"whatsapp","level":"info","message":"Desconectado de WhatsApp:","reason":408,"reconnectAttempts":1,"service":"whatsapp-api-v2","shouldReconnect":true,"timestamp":"2026-06-15 22:14:49","version":"v2"}
{"category":"whatsapp","level":"info","message":"Reintentando conexión en 4000ms (intento 2/5)","service":"whatsapp-api-v2","timestamp":"2026-06-15 22:14:49","version":"v2"}
{"category":"whatsapp","level":"info","message":"Inicializando autenticación...","service":"whatsapp-api-v2","timestamp":"2026-06-15 22:14:53","version":"v2"}
{"category":"whatsapp","level":"info","message":"Autenticación cargada exitosamente","service":"whatsapp-api-v2","timestamp":"2026-06-15 22:14:53","version":"v2"}
{"category":"whatsapp","connection":"connecting","level":"info","message":"Actualización de conexión:","service":"whatsapp-api-v2","timestamp":"2026-06-15 22:14:53","version":"v2"}
{"category":"whatsapp","connection":"close","lastDisconnect":408,"level":"info","message":"Actualización de conexión:","service":"whatsapp-api-v2","timestamp":"2026-06-15 22:14:53","version":"v2"}
{"category":"whatsapp","level":"info","message":"Desconectado de WhatsApp:","reason":408,"reconnectAttempts":2,"service":"whatsapp-api-v2","shouldReconnect":true,"timestamp":"2026-06-15 22:14:53","version":"v2"}
{"category":"whatsapp","level":"info","message":"Reintentando conexión en 8000ms (intento 3/5)","service":"whatsapp-api-v2","timestamp":"2026-06-15 22:14:53","version":"v2"}
{"category":"whatsapp","level":"info","message":"Inicializando autenticación...","service":"whatsapp-api-v2","timestamp":"2026-06-15 22:15:01","version":"v2"}
{"category":"whatsapp","level":"info","message":"Autenticación cargada exitosamente","service":"whatsapp-api-v2","timestamp":"2026-06-15 22:15:01","version":"v2"}
{"category":"whatsapp","connection":"connecting","level":"info","message":"Actualización de conexión:","service":"whatsapp-api-v2","timestamp":"2026-06-15 22:15:01","version":"v2"}
{"category":"whatsapp","connection":"close","lastDisconnect":408,"level":"info","message":"Actualización de conexión:","service":"whatsapp-api-v2","timestamp":"2026-06-15 22:15:01","version":"v2"}
{"category":"whatsapp","level":"info","message":"Desconectado de WhatsApp:","reason":408,"reconnectAttempts":3,"service":"whatsapp-api-v2","shouldReconnect":true,"timestamp":"2026-06-15 22:15:01","version":"v2"}
{"category":"whatsapp","level":"info","message":"Reintentando conexión en 16000ms (intento 4/5)","service":"whatsapp-api-v2","timestamp":"2026-06-15 22:15:01","version":"v2"}
{"category":"whatsapp","level":"info","message":"Inicializando autenticación...","service":"whatsapp-api-v2","timestamp":"2026-06-15 22:15:17","version":"v2"}
{"category":"whatsapp","level":"info","message":"Autenticación cargada exitosamente","service":"whatsapp-api-v2","timestamp":"2026-06-15 22:15:17","version":"v2"}
{"category":"whatsapp","connection":"connecting","level":"info","message":"Actualización de conexión:","service":"whatsapp-api-v2","timestamp":"2026-06-15 22:15:17","version":"v2"}
{"category":"whatsapp","connection":"close","lastDisconnect":408,"level":"info","message":"Actualización de conexión:","service":"whatsapp-api-v2","timestamp":"2026-06-15 22:15:17","version":"v2"}
{"category":"whatsapp","level":"info","message":"Desconectado de WhatsApp:","reason":408,"reconnectAttempts":4,"service":"whatsapp-api-v2","shouldReconnect":true,"timestamp":"2026-06-15 22:15:17","version":"v2"}
{"category":"whatsapp","level":"info","message":"Reintentando conexión en 30000ms (intento 5/5)","service":"whatsapp-api-v2","timestamp":"2026-06-15 22:15:17","version":"v2"}
{"category":"whatsapp","level":"info","message":"Inicializando autenticación...","service":"whatsapp-api-v2","timestamp":"2026-06-15 22:15:47","version":"v2"}
{"category":"whatsapp","level":"info","message":"Autenticación cargada exitosamente","service":"whatsapp-api-v2","timestamp":"2026-06-15 22:15:47","version":"v2"}
{"category":"whatsapp","connection":"connecting","level":"info","message":"Actualización de conexión:","service":"whatsapp-api-v2","timestamp":"2026-06-15 22:15:47","version":"v2"}
{"category":"whatsapp","connection":"close","lastDisconnect":408,"level":"info","message":"Actualización de conexión:","service":"whatsapp-api-v2","timestamp":"2026-06-15 22:15:47","version":"v2"}
{"category":"whatsapp","level":"info","message":"Desconectado de WhatsApp:","reason":408,"reconnectAttempts":5,"service":"whatsapp-api-v2","shouldReconnect":true,"timestamp":"2026-06-15 22:15:47","version":"v2"}
{"category":"whatsapp","level":"info","message":"Máximo de reintentos alcanzado o sesión cerrada","service":"whatsapp-api-v2","timestamp":"2026-06-15 22:15:47","version":"v2"}
