{"level":"info","message":"✅ Base de datos conectada","service":"whatsapp-api-v2","timestamp":"2026-05-14 13:46:30","version":"v2"}
{"level":"info","message":"✅ Modo sin cache activado","service":"whatsapp-api-v2","timestamp":"2026-05-14 13:46:30","version":"v2"}
{"category":"whatsapp","level":"info","message":"Inicializando servicio WhatsApp...","service":"whatsapp-api-v2","timestamp":"2026-05-14 13:46:30","version":"v2"}
{"category":"whatsapp","level":"info","message":"Usando Baileys v2.3000.1035194821, es la última: true","service":"whatsapp-api-v2","timestamp":"2026-05-14 13:46:31","version":"v2"}
{"category":"whatsapp","level":"info","message":"Inicializando autenticación...","service":"whatsapp-api-v2","timestamp":"2026-05-14 13:46:31","version":"v2"}
{"category":"whatsapp","level":"info","message":"Autenticación cargada exitosamente","service":"whatsapp-api-v2","timestamp":"2026-05-14 13:46:31","version":"v2"}
{"level":"info","message":"✅ Servicio WhatsApp inicializado","service":"whatsapp-api-v2","timestamp":"2026-05-14 13:46:31","version":"v2"}
{"category":"whatsapp","connection":"connecting","level":"info","message":"Actualización de conexión:","service":"whatsapp-api-v2","timestamp":"2026-05-14 13:46:31","version":"v2"}
{"level":"info","message":"🚀 WhatsApp API v2 ejecutándose en puerto 3001","service":"whatsapp-api-v2","timestamp":"2026-05-14 13:46:31","version":"v2"}
{"level":"info","message":"📱 Entorno: development","service":"whatsapp-api-v2","timestamp":"2026-05-14 13:46:31","version":"v2"}
{"level":"info","message":"🔗 Health check: http://localhost:3001/health","service":"whatsapp-api-v2","timestamp":"2026-05-14 13:46:31","version":"v2"}
{"category":"whatsapp","level":"info","message":"Actualización de conexión:","service":"whatsapp-api-v2","timestamp":"2026-05-14 13:46:36","version":"v2"}
{"category":"whatsapp","connection":"open","level":"info","message":"Actualización de conexión:","service":"whatsapp-api-v2","timestamp":"2026-05-14 13:46:36","version":"v2"}
{"category":"whatsapp","level":"info","message":"✅ Conectado a WhatsApp exitosamente","service":"whatsapp-api-v2","timestamp":"2026-05-14 13:46:36","version":"v2"}
{"ip":"::1","level":"info","message":"GET /api/whatsapp/status","service":"whatsapp-api-v2","timestamp":"2026-05-14 13:46:45","userAgent":"GuzzleHttp/7","version":"v2"}
{"ip":"::1","level":"info","message":"GET /api/whatsapp/stats","service":"whatsapp-api-v2","timestamp":"2026-05-14 13:46:46","userAgent":"GuzzleHttp/7","version":"v2"}
{"ip":"::1","level":"info","message":"GET /api/whatsapp/messages","service":"whatsapp-api-v2","timestamp":"2026-05-14 13:46:46","userAgent":"GuzzleHttp/7","version":"v2"}
{"ip":"::1","level":"info","message":"POST /api/whatsapp/send","service":"whatsapp-api-v2","timestamp":"2026-05-14 13:47:30","userAgent":"GuzzleHttp/7","version":"v2"}
{"companyId":1,"level":"info","message":"Anti-block: Message validated and delayed for 584241703465@s.whatsapp.net","messageLength":140,"service":"whatsapp-api-v2","timestamp":"2026-05-14 13:47:30","to":"584241703465@s.whatsapp.net","version":"v2"}
{"category":"message","level":"info","message":"Message sent","messageId":"3EB0C55D6E393F3355EBB2","service":"whatsapp-api-v2","timestamp":"2026-05-14 13:47:31","to":"584241703465@s.whatsapp.net","version":"v2"}
{"category":"whatsapp","connection":"close","lastDisconnect":500,"level":"info","message":"Actualización de conexión:","service":"whatsapp-api-v2","timestamp":"2026-05-14 14:36:43","version":"v2"}
{"category":"whatsapp","level":"info","message":"Desconectado de WhatsApp:","reason":500,"reconnectAttempts":0,"service":"whatsapp-api-v2","shouldReconnect":true,"timestamp":"2026-05-14 14:36:43","version":"v2"}
{"category":"whatsapp","level":"info","message":"Reintentando conexión en 2000ms (intento 1/5)","service":"whatsapp-api-v2","timestamp":"2026-05-14 14:36:43","version":"v2"}
{"category":"whatsapp","level":"info","message":"Inicializando autenticación...","service":"whatsapp-api-v2","timestamp":"2026-05-14 14:36:45","version":"v2"}
{"category":"whatsapp","level":"info","message":"Autenticación cargada exitosamente","service":"whatsapp-api-v2","timestamp":"2026-05-14 14:36:45","version":"v2"}
{"category":"whatsapp","connection":"connecting","level":"info","message":"Actualización de conexión:","service":"whatsapp-api-v2","timestamp":"2026-05-14 14:36:45","version":"v2"}
{"category":"whatsapp","level":"info","message":"Actualización de conexión:","service":"whatsapp-api-v2","timestamp":"2026-05-14 14:36:46","version":"v2"}
{"category":"whatsapp","connection":"open","level":"info","message":"Actualización de conexión:","service":"whatsapp-api-v2","timestamp":"2026-05-14 14:36:46","version":"v2"}
{"category":"whatsapp","level":"info","message":"✅ Conectado a WhatsApp exitosamente","service":"whatsapp-api-v2","timestamp":"2026-05-14 14:36:46","version":"v2"}
{"category":"whatsapp","connection":"close","lastDisconnect":428,"level":"info","message":"Actualización de conexión:","service":"whatsapp-api-v2","timestamp":"2026-05-14 14:36:58","version":"v2"}
{"category":"whatsapp","level":"info","message":"Desconectado de WhatsApp:","reason":428,"reconnectAttempts":0,"service":"whatsapp-api-v2","shouldReconnect":true,"timestamp":"2026-05-14 14:36:58","version":"v2"}
{"category":"whatsapp","level":"info","message":"Reintentando conexión en 2000ms (intento 1/5)","service":"whatsapp-api-v2","timestamp":"2026-05-14 14:36:58","version":"v2"}
{"category":"whatsapp","level":"info","message":"Inicializando autenticación...","service":"whatsapp-api-v2","timestamp":"2026-05-14 14:37:00","version":"v2"}
{"category":"whatsapp","level":"info","message":"Autenticación cargada exitosamente","service":"whatsapp-api-v2","timestamp":"2026-05-14 14:37:00","version":"v2"}
{"category":"whatsapp","connection":"connecting","level":"info","message":"Actualización de conexión:","service":"whatsapp-api-v2","timestamp":"2026-05-14 14:37:00","version":"v2"}
{"category":"whatsapp","connection":"close","lastDisconnect":408,"level":"info","message":"Actualización de conexión:","service":"whatsapp-api-v2","timestamp":"2026-05-14 14:37:00","version":"v2"}
{"category":"whatsapp","level":"info","message":"Desconectado de WhatsApp:","reason":408,"reconnectAttempts":1,"service":"whatsapp-api-v2","shouldReconnect":true,"timestamp":"2026-05-14 14:37:00","version":"v2"}
{"category":"whatsapp","level":"info","message":"Reintentando conexión en 4000ms (intento 2/5)","service":"whatsapp-api-v2","timestamp":"2026-05-14 14:37:00","version":"v2"}
{"category":"whatsapp","level":"info","message":"Inicializando autenticación...","service":"whatsapp-api-v2","timestamp":"2026-05-14 14:37:04","version":"v2"}
{"category":"whatsapp","level":"info","message":"Autenticación cargada exitosamente","service":"whatsapp-api-v2","timestamp":"2026-05-14 14:37:04","version":"v2"}
{"category":"whatsapp","connection":"connecting","level":"info","message":"Actualización de conexión:","service":"whatsapp-api-v2","timestamp":"2026-05-14 14:37:04","version":"v2"}
{"category":"whatsapp","connection":"close","lastDisconnect":408,"level":"info","message":"Actualización de conexión:","service":"whatsapp-api-v2","timestamp":"2026-05-14 14:37:04","version":"v2"}
{"category":"whatsapp","level":"info","message":"Desconectado de WhatsApp:","reason":408,"reconnectAttempts":2,"service":"whatsapp-api-v2","shouldReconnect":true,"timestamp":"2026-05-14 14:37:04","version":"v2"}
{"category":"whatsapp","level":"info","message":"Reintentando conexión en 8000ms (intento 3/5)","service":"whatsapp-api-v2","timestamp":"2026-05-14 14:37:04","version":"v2"}
{"category":"whatsapp","level":"info","message":"Inicializando autenticación...","service":"whatsapp-api-v2","timestamp":"2026-05-14 14:37:12","version":"v2"}
{"category":"whatsapp","level":"info","message":"Autenticación cargada exitosamente","service":"whatsapp-api-v2","timestamp":"2026-05-14 14:37:13","version":"v2"}
{"category":"whatsapp","connection":"connecting","level":"info","message":"Actualización de conexión:","service":"whatsapp-api-v2","timestamp":"2026-05-14 14:37:13","version":"v2"}
{"category":"whatsapp","level":"info","message":"Actualización de conexión:","service":"whatsapp-api-v2","timestamp":"2026-05-14 14:37:14","version":"v2"}
{"category":"whatsapp","connection":"open","level":"info","message":"Actualización de conexión:","service":"whatsapp-api-v2","timestamp":"2026-05-14 14:37:14","version":"v2"}
{"category":"whatsapp","level":"info","message":"✅ Conectado a WhatsApp exitosamente","service":"whatsapp-api-v2","timestamp":"2026-05-14 14:37:14","version":"v2"}
{"category":"whatsapp","connection":"close","lastDisconnect":428,"level":"info","message":"Actualización de conexión:","service":"whatsapp-api-v2","timestamp":"2026-05-14 14:39:17","version":"v2"}
{"category":"whatsapp","level":"info","message":"Desconectado de WhatsApp:","reason":428,"reconnectAttempts":0,"service":"whatsapp-api-v2","shouldReconnect":true,"timestamp":"2026-05-14 14:39:17","version":"v2"}
{"category":"whatsapp","level":"info","message":"Reintentando conexión en 2000ms (intento 1/5)","service":"whatsapp-api-v2","timestamp":"2026-05-14 14:39:17","version":"v2"}
{"category":"whatsapp","level":"info","message":"Inicializando autenticación...","service":"whatsapp-api-v2","timestamp":"2026-05-14 14:39:19","version":"v2"}
{"category":"whatsapp","level":"info","message":"Autenticación cargada exitosamente","service":"whatsapp-api-v2","timestamp":"2026-05-14 14:39:19","version":"v2"}
{"category":"whatsapp","connection":"connecting","level":"info","message":"Actualización de conexión:","service":"whatsapp-api-v2","timestamp":"2026-05-14 14:39:19","version":"v2"}
{"category":"whatsapp","connection":"close","lastDisconnect":408,"level":"info","message":"Actualización de conexión:","service":"whatsapp-api-v2","timestamp":"2026-05-14 14:39:19","version":"v2"}
{"category":"whatsapp","level":"info","message":"Desconectado de WhatsApp:","reason":408,"reconnectAttempts":1,"service":"whatsapp-api-v2","shouldReconnect":true,"timestamp":"2026-05-14 14:39:19","version":"v2"}
{"category":"whatsapp","level":"info","message":"Reintentando conexión en 4000ms (intento 2/5)","service":"whatsapp-api-v2","timestamp":"2026-05-14 14:39:19","version":"v2"}
{"category":"whatsapp","level":"info","message":"Inicializando autenticación...","service":"whatsapp-api-v2","timestamp":"2026-05-14 14:39:23","version":"v2"}
{"category":"whatsapp","level":"info","message":"Autenticación cargada exitosamente","service":"whatsapp-api-v2","timestamp":"2026-05-14 14:39:23","version":"v2"}
{"category":"whatsapp","connection":"connecting","level":"info","message":"Actualización de conexión:","service":"whatsapp-api-v2","timestamp":"2026-05-14 14:39:23","version":"v2"}
{"category":"whatsapp","connection":"close","lastDisconnect":408,"level":"info","message":"Actualización de conexión:","service":"whatsapp-api-v2","timestamp":"2026-05-14 14:39:23","version":"v2"}
{"category":"whatsapp","level":"info","message":"Desconectado de WhatsApp:","reason":408,"reconnectAttempts":2,"service":"whatsapp-api-v2","shouldReconnect":true,"timestamp":"2026-05-14 14:39:23","version":"v2"}
{"category":"whatsapp","level":"info","message":"Reintentando conexión en 8000ms (intento 3/5)","service":"whatsapp-api-v2","timestamp":"2026-05-14 14:39:23","version":"v2"}
{"category":"whatsapp","level":"info","message":"Inicializando autenticación...","service":"whatsapp-api-v2","timestamp":"2026-05-14 14:39:31","version":"v2"}
{"category":"whatsapp","level":"info","message":"Autenticación cargada exitosamente","service":"whatsapp-api-v2","timestamp":"2026-05-14 14:39:31","version":"v2"}
{"category":"whatsapp","connection":"connecting","level":"info","message":"Actualización de conexión:","service":"whatsapp-api-v2","timestamp":"2026-05-14 14:39:31","version":"v2"}
{"category":"whatsapp","connection":"close","lastDisconnect":408,"level":"info","message":"Actualización de conexión:","service":"whatsapp-api-v2","timestamp":"2026-05-14 14:39:31","version":"v2"}
{"category":"whatsapp","level":"info","message":"Desconectado de WhatsApp:","reason":408,"reconnectAttempts":3,"service":"whatsapp-api-v2","shouldReconnect":true,"timestamp":"2026-05-14 14:39:31","version":"v2"}
{"category":"whatsapp","level":"info","message":"Reintentando conexión en 16000ms (intento 4/5)","service":"whatsapp-api-v2","timestamp":"2026-05-14 14:39:31","version":"v2"}
{"category":"whatsapp","level":"info","message":"Inicializando autenticación...","service":"whatsapp-api-v2","timestamp":"2026-05-14 14:39:47","version":"v2"}
{"category":"whatsapp","level":"info","message":"Autenticación cargada exitosamente","service":"whatsapp-api-v2","timestamp":"2026-05-14 14:39:47","version":"v2"}
{"category":"whatsapp","connection":"connecting","level":"info","message":"Actualización de conexión:","service":"whatsapp-api-v2","timestamp":"2026-05-14 14:39:47","version":"v2"}
{"category":"whatsapp","level":"info","message":"Actualización de conexión:","service":"whatsapp-api-v2","timestamp":"2026-05-14 14:39:48","version":"v2"}
{"category":"whatsapp","connection":"open","level":"info","message":"Actualización de conexión:","service":"whatsapp-api-v2","timestamp":"2026-05-14 14:39:48","version":"v2"}
{"category":"whatsapp","level":"info","message":"✅ Conectado a WhatsApp exitosamente","service":"whatsapp-api-v2","timestamp":"2026-05-14 14:39:48","version":"v2"}
{"category":"whatsapp","connection":"close","lastDisconnect":428,"level":"info","message":"Actualización de conexión:","service":"whatsapp-api-v2","timestamp":"2026-05-14 14:41:50","version":"v2"}
{"category":"whatsapp","level":"info","message":"Desconectado de WhatsApp:","reason":428,"reconnectAttempts":0,"service":"whatsapp-api-v2","shouldReconnect":true,"timestamp":"2026-05-14 14:41:50","version":"v2"}
{"category":"whatsapp","level":"info","message":"Reintentando conexión en 2000ms (intento 1/5)","service":"whatsapp-api-v2","timestamp":"2026-05-14 14:41:50","version":"v2"}
{"category":"whatsapp","level":"info","message":"Inicializando autenticación...","service":"whatsapp-api-v2","timestamp":"2026-05-14 14:41:52","version":"v2"}
{"category":"whatsapp","level":"info","message":"Autenticación cargada exitosamente","service":"whatsapp-api-v2","timestamp":"2026-05-14 14:41:52","version":"v2"}
{"category":"whatsapp","connection":"connecting","level":"info","message":"Actualización de conexión:","service":"whatsapp-api-v2","timestamp":"2026-05-14 14:41:52","version":"v2"}
{"category":"whatsapp","connection":"close","lastDisconnect":408,"level":"info","message":"Actualización de conexión:","service":"whatsapp-api-v2","timestamp":"2026-05-14 14:41:52","version":"v2"}
{"category":"whatsapp","level":"info","message":"Desconectado de WhatsApp:","reason":408,"reconnectAttempts":1,"service":"whatsapp-api-v2","shouldReconnect":true,"timestamp":"2026-05-14 14:41:52","version":"v2"}
{"category":"whatsapp","level":"info","message":"Reintentando conexión en 4000ms (intento 2/5)","service":"whatsapp-api-v2","timestamp":"2026-05-14 14:41:52","version":"v2"}
{"category":"whatsapp","level":"info","message":"Inicializando autenticación...","service":"whatsapp-api-v2","timestamp":"2026-05-14 14:41:56","version":"v2"}
{"category":"whatsapp","level":"info","message":"Autenticación cargada exitosamente","service":"whatsapp-api-v2","timestamp":"2026-05-14 14:41:56","version":"v2"}
{"category":"whatsapp","connection":"connecting","level":"info","message":"Actualización de conexión:","service":"whatsapp-api-v2","timestamp":"2026-05-14 14:41:56","version":"v2"}
{"category":"whatsapp","connection":"close","lastDisconnect":408,"level":"info","message":"Actualización de conexión:","service":"whatsapp-api-v2","timestamp":"2026-05-14 14:41:56","version":"v2"}
{"category":"whatsapp","level":"info","message":"Desconectado de WhatsApp:","reason":408,"reconnectAttempts":2,"service":"whatsapp-api-v2","shouldReconnect":true,"timestamp":"2026-05-14 14:41:56","version":"v2"}
{"category":"whatsapp","level":"info","message":"Reintentando conexión en 8000ms (intento 3/5)","service":"whatsapp-api-v2","timestamp":"2026-05-14 14:41:56","version":"v2"}
{"category":"whatsapp","level":"info","message":"Inicializando autenticación...","service":"whatsapp-api-v2","timestamp":"2026-05-14 14:42:04","version":"v2"}
{"category":"whatsapp","level":"info","message":"Autenticación cargada exitosamente","service":"whatsapp-api-v2","timestamp":"2026-05-14 14:42:04","version":"v2"}
{"category":"whatsapp","connection":"connecting","level":"info","message":"Actualización de conexión:","service":"whatsapp-api-v2","timestamp":"2026-05-14 14:42:04","version":"v2"}
{"category":"whatsapp","connection":"close","lastDisconnect":408,"level":"info","message":"Actualización de conexión:","service":"whatsapp-api-v2","timestamp":"2026-05-14 14:42:04","version":"v2"}
{"category":"whatsapp","level":"info","message":"Desconectado de WhatsApp:","reason":408,"reconnectAttempts":3,"service":"whatsapp-api-v2","shouldReconnect":true,"timestamp":"2026-05-14 14:42:04","version":"v2"}
{"category":"whatsapp","level":"info","message":"Reintentando conexión en 16000ms (intento 4/5)","service":"whatsapp-api-v2","timestamp":"2026-05-14 14:42:04","version":"v2"}
{"category":"whatsapp","level":"info","message":"Inicializando autenticación...","service":"whatsapp-api-v2","timestamp":"2026-05-14 14:42:20","version":"v2"}
{"category":"whatsapp","level":"info","message":"Autenticación cargada exitosamente","service":"whatsapp-api-v2","timestamp":"2026-05-14 14:42:20","version":"v2"}
{"category":"whatsapp","connection":"connecting","level":"info","message":"Actualización de conexión:","service":"whatsapp-api-v2","timestamp":"2026-05-14 14:42:20","version":"v2"}
{"category":"whatsapp","connection":"close","lastDisconnect":408,"level":"info","message":"Actualización de conexión:","service":"whatsapp-api-v2","timestamp":"2026-05-14 14:42:20","version":"v2"}
{"category":"whatsapp","level":"info","message":"Desconectado de WhatsApp:","reason":408,"reconnectAttempts":4,"service":"whatsapp-api-v2","shouldReconnect":true,"timestamp":"2026-05-14 14:42:20","version":"v2"}
{"category":"whatsapp","level":"info","message":"Reintentando conexión en 30000ms (intento 5/5)","service":"whatsapp-api-v2","timestamp":"2026-05-14 14:42:20","version":"v2"}
{"category":"whatsapp","level":"info","message":"Inicializando autenticación...","service":"whatsapp-api-v2","timestamp":"2026-05-14 14:42:50","version":"v2"}
{"category":"whatsapp","level":"info","message":"Autenticación cargada exitosamente","service":"whatsapp-api-v2","timestamp":"2026-05-14 14:42:50","version":"v2"}
{"category":"whatsapp","connection":"connecting","level":"info","message":"Actualización de conexión:","service":"whatsapp-api-v2","timestamp":"2026-05-14 14:42:50","version":"v2"}
{"category":"whatsapp","connection":"close","lastDisconnect":408,"level":"info","message":"Actualización de conexión:","service":"whatsapp-api-v2","timestamp":"2026-05-14 14:42:50","version":"v2"}
{"category":"whatsapp","level":"info","message":"Desconectado de WhatsApp:","reason":408,"reconnectAttempts":5,"service":"whatsapp-api-v2","shouldReconnect":true,"timestamp":"2026-05-14 14:42:50","version":"v2"}
{"category":"whatsapp","level":"info","message":"Máximo de reintentos alcanzado o sesión cerrada","service":"whatsapp-api-v2","timestamp":"2026-05-14 14:42:50","version":"v2"}
{"level":"info","message":"Recibida señal SIGINT, cerrando servidor...","service":"whatsapp-api-v2","timestamp":"2026-05-14 15:01:21","version":"v2"}
